2026-08-09T23:15:57.8808727+02:00 | SECTION | E-ZZIO CODE RELOCATION ENGINE v6.0
2026-08-09T23:15:57.8817670+02:00 | INFO | PROJECT ROOT : G:\AI\E-zzio\
2026-08-09T23:15:57.8823304+02:00 | INFO | SEARCH ROOT  : C:\Users\enrik\
2026-08-09T23:15:57.8829105+02:00 | INFO | MODE         : DRY-RUN
2026-08-09T23:15:57.8835442+02:00 | INFO | ENVIRONMENT  : UNCHANGED
2026-08-09T23:15:57.8841099+02:00 | INFO | AUDIT ROOT   : G:\AI\E-zzio\runtime\audit\relocation\20260809_231557
2026-08-09T23:15:57.8846721+02:00 | INFO | LOG          : G:\AI\E-zzio\runtime\audit\relocation\20260809_231557\relocation.log
2026-08-09T23:15:57.8868499+02:00 | SECTION | 01 — GARANTIES DE SECURITE
2026-08-09T23:15:57.8877092+02:00 | OK | Projet E-ZZIO protégé contre toute relocalisation interne.
2026-08-09T23:15:57.8884140+02:00 | OK | Dry-run actif par défaut.
2026-08-09T23:15:57.8890058+02:00 | INFO | Aucune suppression automatique.
2026-08-09T23:15:57.8895750+02:00 | INFO | Aucun écrasement automatique.
2026-08-09T23:15:57.9431858+02:00 | INFO | Aucune modification du contenu du projet.
2026-08-09T23:15:57.9445159+02:00 | INFO | Toute destination existante est ignorée.
2026-08-09T23:15:57.9456273+02:00 | INFO | Les déplacements sont validés après opération.
2026-08-09T23:15:57.9486626+02:00 | SECTION | 02 — RECHERCHE DES ARTEFACTS
2026-08-09T23:15:57.9494869+02:00 | INFO | SCAN ROOT : C:\Users\enrik\
2026-08-09T23:16:09.8703607+02:00 | OK | ELEMENTS SCANNES : 444410
2026-08-09T23:16:39.8232770+02:00 | OK | CANDIDATS DETECTES : 82
2026-08-09T23:16:39.8250122+02:00 | SECTION | 03 — NORMALISATION DES CANDIDATS
2026-08-09T23:16:39.8598419+02:00 | OK | CANDIDATS EFFECTIFS : 82
2026-08-09T23:16:39.8612738+02:00 | SECTION | 04 — CLASSIFICATION
2026-08-09T23:16:39.8646638+02:00 | OK | CANDIDATS VALIDES : 82
2026-08-09T23:16:39.8664164+02:00 | SECTION | 05 — CONSTRUCTION DU MANIFESTE
2026-08-09T23:16:39.8972832+02:00 | OK | MANIFEST : G:\AI\E-zzio\runtime\audit\relocation\20260809_231557\relocation_manifest.json
2026-08-09T23:16:39.8986398+02:00 | SECTION | 06 — PREFLIGHT
2026-08-09T23:16:39.9327598+02:00 | OK | PREFLIGHT FAILURES : 0
2026-08-09T23:16:39.9343179+02:00 | SECTION | 07 — PLAN D'EXECUTION
2026-08-09T23:16:40.0508683+02:00 | SECTION | 08 — PREPARATION DES DESTINATIONS
2026-08-09T23:16:40.0517193+02:00 | INFO | DRY-RUN : création des destinations différée.
2026-08-09T23:16:40.0532935+02:00 | SECTION | 09 — RELOCALISATION
2026-08-09T23:16:40.0538788+02:00 | INFO | DRY-RUN ACTIF : aucun déplacement effectué.
2026-08-09T23:16:40.0555645+02:00 | SECTION | 10 — ENVIRONNEMENT PYTHON
2026-08-09T23:16:40.0565299+02:00 | INFO | Configuration environnement désactivée.
2026-08-09T23:16:40.0582211+02:00 | SECTION | 11 — VALIDATION POST-OPERATION
2026-08-09T23:16:40.0589943+02:00 | INFO | DRY-RUN : validation post-déplacement différée.
2026-08-09T23:16:40.0621120+02:00 | SECTION | 12 — VERIFICATION ENVIRONNEMENT
2026-08-09T23:16:40.0629753+02:00 | INFO | ENVIRONMENT CHECK : non demandé.
2026-08-09T23:16:40.0646605+02:00 | SECTION | 13 — RECHERCHE RESIDUELLE
2026-08-09T23:17:55.6312615+02:00 | WARN | ARTEFACTS RESIDUELS : 82
2026-08-09T23:17:55.6606135+02:00 | SECTION | 14 — RESULTAT FINAL
2026-08-09T23:17:55.6626404+02:00 | OK | RESULT : G:\AI\E-zzio\runtime\audit\relocation\20260809_231557\relocation_result.json
2026-08-09T23:17:55.6689323+02:00 | OK | REPORT : G:\AI\E-zzio\runtime\audit\relocation\20260809_231557\relocation_report.txt
2026-08-09T23:17:55.6759608+02:00 | FINAL STATUS | DRY_RUN_READY
2026-08-09T23:17:55.6763555+02:00 | SCANNED=444410 CANDIDATES=82 EFFECTIVE=82 VALID=82 PREFLIGHT_FAIL=0 MOVED=0 FAILED=0 SKIPPED=0 RESIDUAL=82
