2026-08-09T23:10:43.4141562+02:00 | SECTION | E-ZZIO CODE RELOCATION ENGINE v5.0
2026-08-09T23:10:43.4150508+02:00 | INFO | PROJECT ROOT : G:\AI\E-zzio
2026-08-09T23:10:43.4155985+02:00 | INFO | SEARCH ROOT  : C:\Users\enrik
2026-08-09T23:10:43.4161386+02:00 | INFO | MODE         : DRY-RUN
2026-08-09T23:10:43.4167257+02:00 | INFO | ENVIRONMENT  : UNCHANGED
2026-08-09T23:10:43.4177137+02:00 | SECTION | 01 — GARANTIES DE SECURITE
2026-08-09T23:10:43.4183567+02:00 | OK | Projet E-ZZIO protégé contre toute relocalisation interne.
2026-08-09T23:10:43.4189052+02:00 | OK | Dry-run actif par défaut.
2026-08-09T23:10:43.4195340+02:00 | INFO | Aucune suppression automatique.
2026-08-09T23:10:43.4202022+02:00 | INFO | Aucun écrasement automatique.
2026-08-09T23:10:43.4208774+02:00 | INFO | Aucune modification du contenu du projet.
2026-08-09T23:10:43.4214911+02:00 | INFO | Toute destination existante est ignorée.
2026-08-09T23:10:43.4226011+02:00 | INFO | AUDIT ROOT : G:\AI\E-zzio\runtime\audit\relocation\20260809_231043
2026-08-09T23:10:43.4238140+02:00 | SECTION | 02 — RECHERCHE DES ARTEFACTS
2026-08-09T23:10:43.4244255+02:00 | INFO | SCAN ROOT : C:\Users\enrik
2026-08-09T23:10:55.2403366+02:00 | OK | ELEMENTS SCANNES : 444410
2026-08-09T23:11:02.2729451+02:00 | OK | CANDIDATS DETECTES : 25
2026-08-09T23:11:02.2749045+02:00 | SECTION | 03 — NORMALISATION DES CANDIDATS
2026-08-09T23:11:02.2801400+02:00 | OK | CANDIDATS EFFECTIFS : 24
2026-08-09T23:11:02.2823648+02:00 | SECTION | 04 — CLASSIFICATION
2026-08-09T23:11:02.2840519+02:00 | OK | CANDIDATS VALIDES : 24
2026-08-09T23:11:02.2858122+02:00 | SECTION | 05 — CONSTRUCTION DU MANIFESTE
2026-08-09T23:11:02.3020008+02:00 | OK | MANIFEST : G:\AI\E-zzio\runtime\audit\relocation\20260809_231043\relocation_manifest.json
2026-08-09T23:11:02.3035932+02:00 | SECTION | 06 — PREFLIGHT
2026-08-09T23:11:02.3149869+02:00 | OK | PREFLIGHT FAILURES : 0
2026-08-09T23:11:02.3169091+02:00 | SECTION | 07 — PREPARATION DES DESTINATIONS
2026-08-09T23:11:02.3178202+02:00 | INFO | DRY-RUN : création des destinations différée.
2026-08-09T23:11:02.3195618+02:00 | SECTION | 08 — RELOCALISATION
2026-08-09T23:11:02.3218060+02:00 | INFO | DRY-RUN ACTIF : aucun déplacement effectué.
2026-08-09T23:11:02.3498772+02:00 | SECTION | 09 — ENVIRONNEMENT PYTHON
2026-08-09T23:11:02.3505791+02:00 | INFO | Configuration environnement désactivée.
2026-08-09T23:11:02.3519273+02:00 | SECTION | 10 — VALIDATION POST-OPERATION
2026-08-09T23:11:02.3526810+02:00 | INFO | DRY-RUN : validation post-déplacement différée.
2026-08-09T23:11:02.3544264+02:00 | SECTION | 11 — RECHERCHE RESIDUELLE
2026-08-09T23:11:20.9946111+02:00 | WARN | ARTEFACTS RESIDUELS : 25
2026-08-09T23:11:21.0037355+02:00 | SECTION | 12 — RESULTAT FINAL
2026-08-09T23:11:21.0488343+02:00 | OK | RESULT : G:\AI\E-zzio\runtime\audit\relocation\20260809_231043\relocation_result.json
2026-08-09T23:11:21.0546203+02:00 | FINAL STATUS | DRY_RUN_READY
2026-08-09T23:11:21.0554491+02:00 | CANDIDATES=25 EFFECTIVE=24 VALID=24 PREFLIGHT=0 MOVED=0 FAILED=0 SKIPPED=0 RESIDUAL=25
