2026-08-09T23:31:02.3365871+02:00 | SECTION | E-ZZIO CODE RELOCATION ENGINE v7.0
2026-08-09T23:31:02.3372431+02:00 | INFO | PROJECT ROOT : G:\AI\E-zzio
2026-08-09T23:31:02.3378271+02:00 | INFO | SEARCH ROOT  : C:\Users\enrik
2026-08-09T23:31:02.3383474+02:00 | INFO | MODE         : DRY-RUN
2026-08-09T23:31:02.3388462+02:00 | INFO | ENVIRONMENT  : UNCHANGED
2026-08-09T23:31:02.3394146+02:00 | INFO | AUDIT ROOT   : G:\AI\E-zzio\runtime\audit\relocation\20260809_233102
2026-08-09T23:31:02.3408581+02:00 | SECTION | 01 — GARANTIES DE SECURITE
2026-08-09T23:31:02.3416136+02:00 | OK | Projet E-ZZIO protégé contre toute relocalisation interne.
2026-08-09T23:31:02.3421830+02:00 | OK | Dry-run actif par défaut.
2026-08-09T23:31:02.3428937+02:00 | INFO | Aucune suppression automatique.
2026-08-09T23:31:02.3435453+02:00 | INFO | Aucun écrasement automatique.
2026-08-09T23:31:02.3442093+02:00 | INFO | Aucune modification du contenu des fichiers.
2026-08-09T23:31:02.3448462+02:00 | INFO | Toute destination existante sera ignorée.
2026-08-09T23:31:02.3454579+02:00 | INFO | Recent Windows exclu.
2026-08-09T23:31:02.3461651+02:00 | INFO | Startup Windows exclu.
2026-08-09T23:31:02.3473686+02:00 | SECTION | 02 — RECHERCHE DES ARTEFACTS
2026-08-09T23:31:02.3479948+02:00 | INFO | SCAN ROOT : C:\Users\enrik
2026-08-09T23:31:39.5200583+02:00 | OK | ELEMENTS SCANNES : 444334
2026-08-09T23:31:39.5209295+02:00 | OK | CANDIDATS BRUTS : 0
2026-08-09T23:31:39.5224199+02:00 | SECTION | 03 — NORMALISATION DES CANDIDATS
2026-08-09T23:31:39.5231938+02:00 | OK | CANDIDATS EFFECTIFS : 0
2026-08-09T23:31:39.5244336+02:00 | SECTION | 04 — CLASSIFICATION
2026-08-09T23:31:39.5251364+02:00 | OK | CANDIDATS VALIDES : 0
2026-08-09T23:31:39.5265402+02:00 | SECTION | 05 — CONSTRUCTION DU MANIFESTE
2026-08-09T23:31:39.5278341+02:00 | SECTION | 06 — PREFLIGHT
2026-08-09T23:31:39.5285176+02:00 | OK | PREFLIGHT FAILURES : 0
2026-08-09T23:31:39.5297923+02:00 | SECTION | 07 — PREPARATION DES DESTINATIONS
2026-08-09T23:31:39.5304439+02:00 | INFO | DRY-RUN : création différée.
2026-08-09T23:31:39.5316344+02:00 | SECTION | 08 — RELOCALISATION
2026-08-09T23:31:39.5323121+02:00 | INFO | DRY-RUN ACTIF : aucun déplacement effectué.
2026-08-09T23:31:39.5334904+02:00 | SECTION | 09 — ENVIRONNEMENT PYTHON
2026-08-09T23:31:39.5342147+02:00 | INFO | Configuration environnement désactivée.
2026-08-09T23:31:39.5357503+02:00 | SECTION | 10 — VALIDATION POST-OPERATION
2026-08-09T23:31:39.5364114+02:00 | INFO | DRY-RUN : validation post-déplacement différée.
2026-08-09T23:31:39.5381055+02:00 | SECTION | 11 — VERIFICATION ENVIRONNEMENT
2026-08-09T23:31:39.5388649+02:00 | INFO | ENVIRONMENT CHECK : non demandé.
2026-08-09T23:31:39.5401011+02:00 | SECTION | 12 — RECHERCHE RESIDUELLE
2026-08-09T23:32:25.2064178+02:00 | OK | AUCUN ARTEFACT RESIDUEL DETECTE.
2026-08-09T23:32:25.2081293+02:00 | SECTION | 13 — RESULTAT FINAL
2026-08-09T23:32:25.2125340+02:00 | OK | MANIFEST : G:\AI\E-zzio\runtime\audit\relocation\20260809_233102\relocation_manifest.json
2026-08-09T23:32:25.2138061+02:00 | OK | RESULT : G:\AI\E-zzio\runtime\audit\relocation\20260809_233102\relocation_result.json
2026-08-09T23:32:25.2155836+02:00 | OK | REPORT : G:\AI\E-zzio\runtime\audit\relocation\20260809_233102\relocation_report.txt
2026-08-09T23:32:25.2212827+02:00 | FINAL STATUS | CLEAN
2026-08-09T23:32:25.2217172+02:00 | SCANNED=444334 CANDIDATES=0 VALID=0 PREFLIGHT_FAIL=0 MOVED=0 FAILED=0 SKIPPED=0 RESIDUAL=0
