2026-08-09 22:49:11.494 | SECTION | E-ZZIO CODE RELOCATION ENGINE v2.0
2026-08-09 22:49:11.495 | INFO | PROJECT ROOT : G:\AI\E-zzio
2026-08-09 22:49:11.496 | INFO | SEARCH ROOT  : C:\Users\enrik
2026-08-09 22:49:11.497 | INFO | MODE         : DRY-RUN
2026-08-09 22:49:11.498 | INFO | ENVIRONMENT  : UNCHANGED
2026-08-09 22:49:11.499 | INFO | LOG          : G:\AI\E-zzio\runtime\audit\relocation\20260809_224911\relocation.log
2026-08-09 22:49:11.499 | ENGINE START
2026-08-09 22:49:11.500 | EXECUTE=False
2026-08-09 22:49:11.500 | CONFIGURE_ENVIRONMENT=False
2026-08-09 22:49:11.502 | SECTION | 01 — RECHERCHE DES ARTEFACTS E-ZZIO
2026-08-09 22:49:11.503 | INFO | SCAN | *EZZIO*
2026-08-09 22:49:22.316 | INFO | SCAN | *E-ZZIO*
2026-08-09 22:49:33.110 | INFO | SCAN | *E_zzio*
2026-08-09 22:49:44.243 | INFO | SCAN | *Ezzio*
2026-08-09 22:49:55.705 | OK | CANDIDATS DETECTES : 0
2026-08-09 22:49:55.707 | SECTION | 02 — CLASSIFICATION
2026-08-09 22:49:55.708 | OK | CANDIDATS VALIDES : 0
2026-08-09 22:49:55.710 | SECTION | 03 — RELOCALISATION
2026-08-09 22:49:55.713 | SECTION | 05 — VALIDATION POST-RELOCALISATION
2026-08-09 22:49:55.715 | SECTION | 06 — RECHERCHE RESIDUELLE
2026-08-09 22:51:17.082 | OK | Aucun artefact E-ZZIO résiduel détecté dans le profil utilisateur.
2026-08-09 22:51:17.084 | SECTION | 07 — MANIFEST
2026-08-09 22:51:17.086 | OK | Manifest : G:\AI\E-zzio\runtime\audit\relocation\20260809_224911\relocation_manifest.json
2026-08-09 22:51:17.088 | SECTION | 08 — RESULTAT FINAL
