2026-08-09T23:27:34.6014161+02:00 | SECTION | E-ZZIO CODE RELOCATION ENGINE v6.0
2026-08-09T23:27:34.6021536+02:00 | INFO | PROJECT ROOT : G:\AI\E-zzio
2026-08-09T23:27:34.6028611+02:00 | INFO | SEARCH ROOT  : C:\Users\enrik
2026-08-09T23:27:34.6035344+02:00 | INFO | MODE         : DRY-RUN
2026-08-09T23:27:34.6041408+02:00 | INFO | ENVIRONMENT  : UNCHANGED
2026-08-09T23:27:34.6047366+02:00 | INFO | AUDIT ROOT   : G:\AI\E-zzio\runtime\audit\relocation\20260809_232734
2026-08-09T23:27:34.6058718+02:00 | SECTION | 01 — GARANTIES DE SECURITE
2026-08-09T23:27:34.6068587+02:00 | OK | Projet E-ZZIO protégé contre toute relocalisation interne.
2026-08-09T23:27:34.6075373+02:00 | OK | Dry-run actif par défaut.
2026-08-09T23:27:34.6084034+02:00 | INFO | Aucune suppression automatique.
2026-08-09T23:27:34.6091149+02:00 | INFO | Aucun écrasement automatique.
2026-08-09T23:27:34.6097548+02:00 | INFO | Aucune modification du contenu des fichiers.
2026-08-09T23:27:34.6104763+02:00 | INFO | Aucune destination existante ne sera écrasée.
2026-08-09T23:27:34.6111473+02:00 | INFO | Recent Windows exclu.
2026-08-09T23:27:34.6118033+02:00 | INFO | Startup Windows exclu.
2026-08-09T23:27:34.6124259+02:00 | INFO | AUDIT ROOT : G:\AI\E-zzio\runtime\audit\relocation\20260809_232734
2026-08-09T23:27:34.6137714+02:00 | SECTION | 02 — RECHERCHE DES ARTEFACTS
2026-08-09T23:27:34.6145055+02:00 | INFO | SCAN ROOT : C:\Users\enrik
2026-08-09T23:27:53.8858858+02:00 | OK | ELEMENTS SCANNES : 444332
2026-08-09T23:28:24.9910378+02:00 | OK | CANDIDATS BRUTS : 0
2026-08-09T23:28:24.9930150+02:00 | SECTION | 03 — NORMALISATION DES CANDIDATS
2026-08-09T23:28:24.9948306+02:00 | OK | CANDIDATS EFFECTIFS : 0
2026-08-09T23:28:24.9963415+02:00 | SECTION | 04 — CLASSIFICATION
2026-08-09T23:28:24.9971200+02:00 | OK | CANDIDATS VALIDES : 0
2026-08-09T23:28:24.9985199+02:00 | SECTION | 05 — CONSTRUCTION DU MANIFESTE
2026-08-09T23:28:25.0001398+02:00 | OK | MANIFEST : G:\AI\E-zzio\runtime\audit\relocation\20260809_232734\relocation_manifest.json
2026-08-09T23:28:25.0014556+02:00 | SECTION | 06 — PREFLIGHT
2026-08-09T23:28:25.0022351+02:00 | OK | PREFLIGHT FAILURES : 0
2026-08-09T23:28:25.0034763+02:00 | SECTION | 07 — PREPARATION DES DESTINATIONS
2026-08-09T23:28:25.0040500+02:00 | INFO | DRY-RUN : création différée.
2026-08-09T23:28:25.0054424+02:00 | SECTION | 08 — RELOCALISATION
2026-08-09T23:28:25.0073289+02:00 | INFO | DRY-RUN ACTIF : aucun déplacement effectué.
2026-08-09T23:28:25.0089065+02:00 | SECTION | 09 — ENVIRONNEMENT PYTHON
2026-08-09T23:28:25.0097988+02:00 | INFO | Configuration environnement désactivée.
2026-08-09T23:28:25.0112591+02:00 | SECTION | 10 — VALIDATION POST-OPERATION
2026-08-09T23:28:25.0120125+02:00 | INFO | DRY-RUN : validation post-déplacement différée.
2026-08-09T23:28:25.0134275+02:00 | SECTION | 11 — VERIFICATION ENVIRONNEMENT
2026-08-09T23:28:25.0140243+02:00 | INFO | ENVIRONMENT CHECK : non demandé.
2026-08-09T23:28:25.0152814+02:00 | SECTION | 12 — RECHERCHE RESIDUELLE
2026-08-09T23:29:16.1115445+02:00 | OK | AUCUN ARTEFACT RESIDUEL DETECTE.
2026-08-09T23:29:16.1130714+02:00 | SECTION | 13 — RESULTAT FINAL
