2026-08-09T23:32:43.4110832+02:00 | SECTION | E-ZZIO CODE RELOCATION ENGINE v7.0
2026-08-09T23:32:43.4117166+02:00 | INFO | PROJECT ROOT : G:\AI\E-zzio
2026-08-09T23:32:43.4122646+02:00 | INFO | SEARCH ROOT  : C:\Users\enrik
2026-08-09T23:32:43.4127899+02:00 | INFO | MODE         : EXECUTE
2026-08-09T23:32:43.4133269+02:00 | INFO | ENVIRONMENT  : CONFIGURE
2026-08-09T23:32:43.4138392+02:00 | INFO | AUDIT ROOT   : G:\AI\E-zzio\runtime\audit\relocation\20260809_233243
2026-08-09T23:32:43.4148269+02:00 | SECTION | 01 — GARANTIES DE SECURITE
2026-08-09T23:32:43.4154072+02:00 | OK | Projet E-ZZIO protégé contre toute relocalisation interne.
2026-08-09T23:32:43.4159446+02:00 | OK | Dry-run actif par défaut.
2026-08-09T23:32:43.4166090+02:00 | INFO | Aucune suppression automatique.
2026-08-09T23:32:43.4172301+02:00 | INFO | Aucun écrasement automatique.
2026-08-09T23:32:43.4177607+02:00 | INFO | Aucune modification du contenu des fichiers.
2026-08-09T23:32:43.4192452+02:00 | INFO | Toute destination existante sera ignorée.
2026-08-09T23:32:43.4197602+02:00 | INFO | Recent Windows exclu.
2026-08-09T23:32:43.4203000+02:00 | INFO | Startup Windows exclu.
2026-08-09T23:32:43.4213879+02:00 | SECTION | 02 — RECHERCHE DES ARTEFACTS
2026-08-09T23:32:43.4220153+02:00 | INFO | SCAN ROOT : C:\Users\enrik
2026-08-09T23:33:35.0404968+02:00 | OK | ELEMENTS SCANNES : 444334
2026-08-09T23:33:35.0412920+02:00 | OK | CANDIDATS BRUTS : 0
2026-08-09T23:33:35.0425687+02:00 | SECTION | 03 — NORMALISATION DES CANDIDATS
2026-08-09T23:33:35.0432997+02:00 | OK | CANDIDATS EFFECTIFS : 0
2026-08-09T23:33:35.0447372+02:00 | SECTION | 04 — CLASSIFICATION
2026-08-09T23:33:35.0457779+02:00 | OK | CANDIDATS VALIDES : 0
2026-08-09T23:33:35.0477122+02:00 | SECTION | 05 — CONSTRUCTION DU MANIFESTE
2026-08-09T23:33:35.0493142+02:00 | SECTION | 06 — PREFLIGHT
2026-08-09T23:33:35.0500874+02:00 | OK | PREFLIGHT FAILURES : 0
2026-08-09T23:33:35.0516922+02:00 | SECTION | 07 — PREPARATION DES DESTINATIONS
2026-08-09T23:33:35.0557183+02:00 | SECTION | 08 — RELOCALISATION
2026-08-09T23:33:35.0572645+02:00 | SECTION | 09 — ENVIRONNEMENT PYTHON
2026-08-09T23:33:38.8430567+02:00 | OK | EZZIO_TEMP = G:\AI\E-zzio\runtime\temp
2026-08-09T23:33:42.6519944+02:00 | OK | PYTHONPYCACHEPREFIX = G:\AI\E-zzio\runtime\cache\pycache
2026-08-09T23:33:46.4912366+02:00 | OK | PIP_CACHE_DIR = G:\AI\E-zzio\runtime\cache\pip
2026-08-09T23:33:46.4919952+02:00 | INFO | TEMP/TMP Windows globaux conservés.
2026-08-09T23:33:46.4927035+02:00 | INFO | E-ZZIO utilise ses zones dédiées sur G:.
2026-08-09T23:33:46.4938393+02:00 | SECTION | 10 — VALIDATION POST-OPERATION
2026-08-09T23:33:46.4950967+02:00 | SECTION | 11 — VERIFICATION ENVIRONNEMENT
2026-08-09T23:33:46.4973372+02:00 | OK | ENV PASS | EZZIO_TEMP
2026-08-09T23:33:46.4983093+02:00 | OK | ENV PASS | PYTHONPYCACHEPREFIX
2026-08-09T23:33:46.4991530+02:00 | OK | ENV PASS | PIP_CACHE_DIR
2026-08-09T23:33:46.5007020+02:00 | SECTION | 12 — RECHERCHE RESIDUELLE
2026-08-09T23:34:34.8364261+02:00 | OK | AUCUN ARTEFACT RESIDUEL DETECTE.
2026-08-09T23:34:34.8382140+02:00 | SECTION | 13 — RESULTAT FINAL
2026-08-09T23:34:34.8400035+02:00 | OK | MANIFEST : G:\AI\E-zzio\runtime\audit\relocation\20260809_233243\relocation_manifest.json
2026-08-09T23:34:34.8411962+02:00 | OK | RESULT : G:\AI\E-zzio\runtime\audit\relocation\20260809_233243\relocation_result.json
2026-08-09T23:34:34.8425079+02:00 | OK | REPORT : G:\AI\E-zzio\runtime\audit\relocation\20260809_233243\relocation_report.txt
2026-08-09T23:34:34.8477042+02:00 | FINAL STATUS | CLEAN
2026-08-09T23:34:34.8480966+02:00 | SCANNED=444334 CANDIDATES=0 VALID=0 PREFLIGHT_FAIL=0 MOVED=0 FAILED=0 SKIPPED=0 RESIDUAL=0
