2026-08-09 22:46:48.782 | SECTION | E-ZZIO CODE RELOCATION ENGINE v2.0
2026-08-09 22:46:48.787 | INFO | PROJECT ROOT : G:\AI\E-zzio
2026-08-09 22:46:48.790 | INFO | SEARCH ROOT  : C:\Users\enrik
2026-08-09 22:46:48.795 | INFO | MODE         : DRY-RUN
2026-08-09 22:46:48.800 | INFO | ENVIRONMENT  : UNCHANGED
2026-08-09 22:46:48.803 | INFO | LOG          : G:\AI\E-zzio\runtime\audit\relocation\20260809_224648\relocation.log
2026-08-09 22:46:48.807 | ENGINE START
2026-08-09 22:46:48.810 | EXECUTE=False
2026-08-09 22:46:48.814 | CONFIGURE_ENVIRONMENT=False
2026-08-09 22:46:48.914 | SECTION | 01 — RECHERCHE DES ARTEFACTS E-ZZIO
2026-08-09 22:46:48.961 | INFO | SCAN | *EZZIO*
2026-08-09 22:46:59.203 | INFO | SCAN | *E-ZZIO*
2026-08-09 22:47:09.726 | INFO | SCAN | *E_zzio*
2026-08-09 22:47:20.805 | INFO | SCAN | *Ezzio*
2026-08-09 22:47:31.540 | OK | CANDIDATS DETECTES : 0
2026-08-09 22:47:31.555 | SECTION | 02 — CLASSIFICATION
2026-08-09 22:47:31.645 | OK | CANDIDATS VALIDES : 0
2026-08-09 22:47:31.712 | SECTION | 03 — RELOCALISATION
2026-08-09 22:47:32.094 | SECTION | 05 — VALIDATION POST-RELOCALISATION
2026-08-09 22:47:32.144 | SECTION | 06 — RECHERCHE RESIDUELLE
2026-08-09 22:48:42.190 | OK | Aucun artefact E-ZZIO résiduel détecté dans le profil utilisateur.
2026-08-09 22:48:42.313 | SECTION | 07 — MANIFEST
2026-08-09 22:48:42.362 | OK | Manifest : G:\AI\E-zzio\runtime\audit\relocation\20260809_224648\relocation_manifest.json
2026-08-09 22:48:42.383 | SECTION | 08 — RESULTAT FINAL
2026-08-09 22:48:43.081 | FINAL STATUS | CLEAN
2026-08-09 22:48:43.086 | CANDIDATES=0
2026-08-09 22:48:43.089 | VALID=0
2026-08-09 22:48:43.092 | MOVED=0
2026-08-09 22:48:43.095 | FAILED=0
2026-08-09 22:48:43.099 | SKIPPED=0
2026-08-09 22:48:43.103 | RESIDUAL=0
2026-08-09 22:48:43.106 | ENGINE END
